// Jest Snapshot v1, https://goo.gl/fbAQLP

exports[`Quote component renders 1`] = `
<p
  className="text-quote"
>
  Mathematics is not about numbers, equations, computations, or algorithms: it is about understanding. â€“
  <q>
    William Paul Thurston.
  </q>
</p>
`;
